#-----------------------------------------------------------
# Vivado v2025.1 (64-bit)
# SW Build 6140274 on Wed May 21 22:58:25 MDT 2025
# IP Build 6138677 on Thu May 22 03:10:11 MDT 2025
# SharedData Build 6139179 on Tue May 20 17:58:58 MDT 2025
# Start of session at: Sun Feb  1 11:07:40 2026
# Process ID         : 5074
# Current directory  : /home/jollux/Stitt-Comp/bnn_fcc_contest
# Command line       : vivado
# Log file           : /home/jollux/Stitt-Comp/bnn_fcc_contest/vivado.log
# Journal file       : /home/jollux/Stitt-Comp/bnn_fcc_contest/vivado.jou
# Running On         : lucas-laptop
# Platform           : Ubuntu
# Operating System   : Ubuntu 24.04.3 LTS
# Processor Detail   : 13th Gen Intel(R) Core(TM) i5-13420H
# CPU Frequency      : 841.232 MHz
# CPU Physical cores : 8
# CPU Logical cores  : 12
# Host memory        : 7943 MB
# Swap memory        : 4294 MB
# Total Virtual      : 12238 MB
# Available Virtual  : 9781 MB
#-----------------------------------------------------------
start_gui
xhub::refresh_catalog [xhub::get_xstores xilinx_board_store]
set_param board.repoPaths {/home/jollux/.Xilinx/Vivado/2025.1/xhub/board_store/xilinx_board_store}
xhub::install [xhub::get_xitems digilentinc.com:xilinx_board_store:zedboard:1.1]
xhub::install [xhub::get_xitems avnet.com:xilinx_board_store:zedboard:1.4]
xhub::refresh_catalog [xhub::get_xstores xilinx_board_store]
xhub::install [xhub::get_xitems digilentinc.com:xilinx_board_store:zybo:1.0]
xhub::install [xhub::get_xitems digilentinc.com:xilinx_board_store:zybo-z7-10:1.2]
xhub::install [xhub::get_xitems digilentinc.com:xilinx_board_store:zybo-z7-20:1.2]
create_project project_1 /home/jollux/Stitt-Comp/bnn_fcc_contest/vivado/project_1 -part xc7vx415tffv1927-1
add_files {/home/jollux/Stitt-Comp/bnn_fcc_contest/rtl/bnn_fcc.sv /home/jollux/Stitt-Comp/bnn_fcc_contest/rtl/neuron/output_neuron.sv /home/jollux/Stitt-Comp/bnn_fcc_contest/rtl/binarize_input.sv /home/jollux/Stitt-Comp/bnn_fcc_contest/rtl/configuration_manager/configuration_manager.sv /home/jollux/Stitt-Comp/bnn_fcc_contest/rtl/neuron/neuron.sv /home/jollux/Stitt-Comp/bnn_fcc_contest/verification/bnn_fcc_tb_pkg.sv /home/jollux/Stitt-Comp/bnn_fcc_contest/verification/bnn_fcc_tb.sv /home/jollux/Stitt-Comp/bnn_fcc_contest/verification/axi4_stream_if.sv}
update_compile_order -fileset sources_1
update_compile_order -fileset sources_1
