#-----------------------------------------------------------
# Vivado v2025.1 (64-bit)
# SW Build 6140274 on Wed May 21 22:58:25 MDT 2025
# IP Build 6138677 on Thu May 22 03:10:11 MDT 2025
# SharedData Build 6139179 on Tue May 20 17:58:58 MDT 2025
# Start of session at: Sun Feb  1 11:07:40 2026
# Process ID         : 5074
# Current directory  : /home/jollux/Stitt-Comp/bnn_fcc_contest
# Command line       : vivado
# Log file           : /home/jollux/Stitt-Comp/bnn_fcc_contest/vivado.log
# Journal file       : /home/jollux/Stitt-Comp/bnn_fcc_contest/vivado.jou
# Running On         : lucas-laptop
# Platform           : Ubuntu
# Operating System   : Ubuntu 24.04.3 LTS
# Processor Detail   : 13th Gen Intel(R) Core(TM) i5-13420H
# CPU Frequency      : 841.232 MHz
# CPU Physical cores : 8
# CPU Logical cores  : 12
# Host memory        : 7943 MB
# Swap memory        : 4294 MB
# Total Virtual      : 12238 MB
# Available Virtual  : 9781 MB
#-----------------------------------------------------------
start_gui
